// Jest Snapshot v1, https://goo.gl/fbAQLP

exports[`should handle defaults 1`] = `
"
"
`;
